<area shape="rect" href="$classLBoxExceptionFormControl.html" title="LBoxExceptionFormControl" alt="" coords="363,6,541,32">
<area shape="rect" href="$classLBoxExceptionFormFilter.html" title="LBoxExceptionFormFilter" alt="" coords="368,56,536,83">
<area shape="rect" href="$classLBoxExceptionFormProcessor.html" title="LBoxExceptionFormProcessor" alt="" coords="353,107,551,134">
<area shape="rect" href="$classLBoxExceptionFormValidator.html" title="LBoxExceptionFormValidator" alt="" coords="357,183,547,210">
<area shape="rect" href="$classLBoxException.html" title="LBoxException" alt="" coords="5,82,115,108">
<area shape="rect" href="$classLBoxExceptionFormProcessorLogin.html" title="LBoxExceptionFormProcessorLogin" alt="" coords="620,56,849,83">
<area shape="rect" href="$classLBoxExceptionFormProcessorRegistration.html" title="LBoxExceptionFormProcessorRegistration" alt="" coords="601,107,868,134">
<area shape="rect" href="$classLBoxExceptionFormValidatorsLogin.html" title="LBoxExceptionFormValidatorsLogin" alt="" coords="621,158,848,184">
<area shape="rect" href="$classLBoxExceptionFormValidatorsMaybelline.html" title="LBoxExceptionFormValidatorsMaybelline" alt="" coords="605,208,864,235">
<area shape="rect" href="$classLBoxExceptionFormValidatorsRegistration.html" title="LBoxExceptionFormValidatorsRegistration" alt="" coords="603,259,867,286">
