<area shape="rect" href="$classLoginForm.html#e0ca4c96bee419c80c2e1bd8be25a647" title="LoginForm::checkData" alt="" coords="263,132,415,158">
<area shape="rect" href="$classLoginForm.html#97b3f3879da99ab5dc40f8d1af7aace0" title="LoginForm::getFormArray" alt="" coords="540,30,708,57">
<area shape="rect" href="$classLoginForm.html#aba0ef9b7cfb62bfb0c37918584153c6" title="LoginForm::isSpamDefenseJSNeeded" alt="" coords="504,182,744,209">
<area shape="rect" href="$classLBoxXT.html#6d7006b758c31950f3abb971a21e8d11" title="LBoxXT::getInstance" alt="" coords="555,233,693,260">
<area shape="rect" href="$classLoginForm.html#183b9bcedc6e426df97afa20df72133a" title="LoginForm::getURLLogout" alt="" coords="253,410,424,437">
<area shape="rect" href="$classLoginForm.html#8125e52969015a3432db9197d5d25e95" title="LoginForm::getURLRegistration" alt="" coords="237,486,440,513">
<area shape="rect" href="$classLoginForm.html#e937bc750deebf50766a6fc7e0831a52" title="LoginForm::logout" alt="" coords="276,309,401,336">
<area shape="rect" href="$classLBoxComponent.html#0654e1603e330f4453be9a85d5252d53" title="LBoxComponent::getFormGroupName" alt="" coords="823,56,1065,82">
<area shape="rect" href="$classLoginForm.html#4ad2eb0452012223bfc414febbd9b3f6" title="LoginForm::isLogginSuccesfull" alt="" coords="525,132,723,158">
<area shape="rect" href="$classLBoxXT.html#381e51806d6049a5b92e20c278ecb343" title="LBoxXT::login" alt="" coords="895,118,993,145">
<area shape="rect" href="$classLBoxComponent.html#caf00baf6bc5305d7f6fe7ab031807c0" title="LBoxComponent::reload" alt="" coords="864,284,1024,310">
<area shape="rect" href="$classLBoxFront.html#10351c03d3737e598355d5c775bd3953" title="LBoxFront::reload" alt="" coords="1177,309,1300,336">
<area shape="rect" href="$classLBoxComponent.html#b657e814908e8e44112228ed6cbe5bbe" title="LBoxComponent::getContent" alt="" coords="851,169,1037,196">
<area shape="rect" href="$classLBoxConfigManagerProperties.html#d7e2ed30839cbda48896fbb1eb3053e6" title="LBoxConfigManagerProperties::getInstance" alt="" coords="808,486,1080,513">
<area shape="rect" href="$classLBoxComponent.html#6281fec2563751a4ff9fb0d95fdb4606" title="LBoxComponent::executePrepend" alt="" coords="1129,5,1348,32">
<area shape="rect" href="$classLBoxComponent.html#3fd958ea61234abbc08b264c4d6ebead" title="LBoxComponent::executeStart" alt="" coords="1139,56,1339,82">
<area shape="rect" href="$classLBoxComponent.html#0544d9fea4157b1b1661dace6cd065a5" title="LBoxComponent::getTAL" alt="" coords="1156,258,1321,285">
<area shape="rect" href="$classLBoxComponent.html#b6d06a567cfc57ec6d5e3389763ac03f" title="LBoxComponent::getTemplateFileName" alt="" coords="1397,233,1648,260">
<area shape="rect" href="$classLBoxComponent.html#13913b02a7a4f9820d4a55537e77de2c" title="LBoxComponent::isDebugOn" alt="" coords="1428,157,1617,184">
<area shape="rect" href="$classLBoxComponent.html#eab4df7ff31b1261351df1715475e76a" title="LBoxComponent::parseOut" alt="" coords="1149,106,1328,133">
<area shape="rect" href="$classLBoxConfigSystem.html#ec8ddab32ac3c7122e3cfcb33864e716" title="LBoxConfigSystem::getInstance" alt="" coords="1696,157,1904,184">
<area shape="rect" href="$classLBoxComponent.html#a06466cf8c916777574583eeb27d1192" title="LBoxComponent::removeComents" alt="" coords="1413,106,1632,133">
<area shape="rect" href="$classLBoxComponent.html#e6b529f9eee468eae75ebf8f3d554f23" title="LBoxComponent::getUrlParamsArray" alt="" coords="507,436,741,462">
<area shape="rect" href="$classLBoxFront.html#8e15c1d15ac03f8e18c570de0e41e71d" title="LBoxFront::getUrlParamsArray" alt="" coords="844,436,1044,462">
<area shape="rect" href="$classLBoxConfigManagerStructure.html#b39b7489ba7954efe6829be62b2f594f" title="LBoxConfigManagerStructure::getPageById" alt="" coords="488,537,760,564">
<area shape="rect" href="$classLBoxXT.html#2f22e7203932b0ac311291fd8a410d92" title="LBoxXT::isLogged" alt="" coords="563,385,685,412">
<area shape="rect" href="$classLBoxComponent.html#f5efcddbc4dc20c08351fdc9ecb21ab4" title="LBoxComponent::isUrlParamPaging" alt="" coords="509,334,739,361">
<area shape="rect" href="$classLBoxFront.html#8c0996ec1cd5809f2ffa40e013570802" title="LBoxFront::isUrlParamPaging" alt="" coords="1427,334,1619,361">
