<area shape="rect" href="$classOutputFilterPageListModels.html#5f381515846539728ef4119884cbd5aa" title="OutputFilterPageListModels::getFilterCity" alt="" coords="331,6,589,32">
<area shape="rect" href="$classOutputFilterPageListModels.html#487f2fddf2135cabdfa363b57b3fd66c" title="OutputFilterPageListModels::getFilterRegion" alt="" coords="321,56,599,83">
<area shape="rect" href="$classOutputFilterPageListModels.html#3016b69802b2b9f6c80129bb0dca1196" title="OutputFilterPageListModels::getFilterSchool" alt="" coords="321,107,599,134">
<area shape="rect" href="$classOutputFilterPageListModels.html#9dee1b5a019753a3761ba16a3ab89685" title="OutputFilterPageListModels::isFilteredByCity" alt="" coords="319,158,601,184">
<area shape="rect" href="$classOutputFilterPageListModels.html#ab7ff215a8ef90d9ddd79b7337508afb" title="OutputFilterPageListModels::isFilteredByRegion" alt="" coords="311,208,609,235">
<area shape="rect" href="$classOutputFilterPageListModels.html#00e63e87f5671c1ddc9174c3e8cc40bd" title="OutputFilterPageListModels::isFilteredBySchool" alt="" coords="311,259,609,286">
<area shape="rect" href="$classLBoxFront.html#5d1ef6d0cd37dbd3be11bbefd9aebc1a" title="LBoxFront::getPage" alt="" coords="660,132,796,159">
