<area shape="rect" href="$classPhotosRecord.html#2040619f80f6bc9c2c57af85965bda2a" title="PhotosRecord::getImgResource" alt="" coords="211,82,416,108">
<area shape="rect" href="$classPhotosRecord.html#d7e1a530eb8c0465cda282ec0ab3ded1" title="PhotosRecord::getFilePath" alt="" coords="465,82,641,108">
<area shape="rect" href="$classPhotosRecord.html#0f80fc2cc69a16551a98cd44d361045c" title="PhotosRecord::getDirName" alt="" coords="693,56,872,83">
<area shape="rect" href="$classPhotosRecord.html#69d4b2347b57226cfc9dfdf6144f7f7c" title="PhotosRecord::getFileName" alt="" coords="691,107,875,134">
<area shape="rect" href="$classPhotosRecord.html#0b7a508bd2f556a9c55d98749e8b0d4f" title="PhotosRecord::createDirByPath" alt="" coords="956,6,1161,32">
<area shape="rect" href="$classLBoxConfigManagerProperties.html#d7e2ed30839cbda48896fbb1eb3053e6" title="LBoxConfigManagerProperties::getInstance" alt="" coords="923,56,1195,83">
<area shape="rect" href="$classPhotosRecord.html#f79c40c05adda93db3756f002ed1a536" title="PhotosRecord::getModel" alt="" coords="977,107,1140,134">
