<area shape="rect" href="$classAdminLogin.html" title="AdminLogin" alt="" coords="644,5,732,32">
<area shape="rect" href="$classAdminModel.html" title="AdminModel" alt="" coords="641,56,735,83">
<area shape="rect" href="$classListModels.html" title="ListModels" alt="" coords="647,107,729,133">
<area shape="rect" href="$classListSchools.html" title="ListSchools" alt="" coords="644,157,732,184">
<area shape="rect" href="$classPageDev.html" title="PageDev" alt="" coords="652,208,724,235">
<area shape="rect" href="$classPageRegistration.html" title="PageRegistration" alt="" coords="628,259,748,285">
<area shape="rect" href="$classPageRegistrationConfirm.html" title="PageRegistrationConfirm" alt="" coords="607,309,769,336">
<area shape="rect" href="$classPageTitle.html" title="PageTitle" alt="" coords="651,360,725,387">
<area shape="rect" href="$classPageMaybelline.html" title="PageMaybelline" alt="" coords="303,183,415,209">
<area shape="rect" href="$classLBoxPage.html" title="LBoxPage" alt="" coords="172,183,252,209">
<area shape="rect" href="$classLBoxComponent.html" title="LBoxComponent" alt="" coords="5,183,123,209">
<area shape="rect" href="$classListWinners.html" title="ListWinners" alt="" coords="819,157,909,184">
