<area shape="rect" href="$classPhotosRecord.html#a1078a00b3ded3c96c98d12ede14f8ef" title="PhotosRecord::__get" alt="" coords="184,82,328,108">
<area shape="rect" href="$classPhotosRecord.html#3e23de5b743e5c69d3df956cb5beae07" title="PhotosRecord::getImgX" alt="" coords="377,56,535,83">
<area shape="rect" href="$classPhotosRecord.html#84d7c355ba8533076828e7be8bd13dc7" title="PhotosRecord::getImgY" alt="" coords="376,107,536,134">
<area shape="rect" href="$classPhotosRecord.html#2040619f80f6bc9c2c57af85965bda2a" title="PhotosRecord::getImgResource" alt="" coords="584,82,789,108">
<area shape="rect" href="$classPhotosRecord.html#d7e1a530eb8c0465cda282ec0ab3ded1" title="PhotosRecord::getFilePath" alt="" coords="839,82,1015,108">
<area shape="rect" href="$classPhotosRecord.html#0f80fc2cc69a16551a98cd44d361045c" title="PhotosRecord::getDirName" alt="" coords="1067,56,1245,83">
<area shape="rect" href="$classPhotosRecord.html#69d4b2347b57226cfc9dfdf6144f7f7c" title="PhotosRecord::getFileName" alt="" coords="1064,107,1248,134">
<area shape="rect" href="$classPhotosRecord.html#0b7a508bd2f556a9c55d98749e8b0d4f" title="PhotosRecord::createDirByPath" alt="" coords="1329,6,1535,32">
<area shape="rect" href="$classLBoxConfigManagerProperties.html#d7e2ed30839cbda48896fbb1eb3053e6" title="LBoxConfigManagerProperties::getInstance" alt="" coords="1296,56,1568,83">
<area shape="rect" href="$classPhotosRecord.html#f79c40c05adda93db3756f002ed1a536" title="PhotosRecord::getModel" alt="" coords="1351,107,1513,134">
