<area shape="rect" href="$classHTMLMIMEMail5.html#10e4d5d376d76c4f8cd99aaf7d2c38ee" title="HTMLMIMEMail5::addAlternativePart" alt="" coords="219,5,451,32">
<area shape="rect" href="$classHTMLMIMEMail5.html#ff2bea3c342282f4700af05802f8ba29" title="HTMLMIMEMail5::addAttachmentParts" alt="" coords="211,56,459,82">
<area shape="rect" href="$classHTMLMIMEMail5.html#1d113d0bc228d8ce9dad2a6e0b568b21" title="HTMLMIMEMail5::addHtmlImageParts" alt="" coords="213,106,456,133">
<area shape="rect" href="$classHTMLMIMEMail5.html#88f74ce156fc1db80e76c80cc98b89d3" title="HTMLMIMEMail5::addHtmlPart" alt="" coords="235,157,435,184">
<area shape="rect" href="$classHTMLMIMEMail5.html#688bf543fa46878db40d06974f58f23b" title="HTMLMIMEMail5::addMixedPart" alt="" coords="231,208,439,234">
<area shape="rect" href="$classHTMLMIMEMail5.html#e2e5939a5522781fbc19ad3b93ed0448" title="HTMLMIMEMail5::addRelatedPart" alt="" coords="227,258,443,285">
<area shape="rect" href="$classHTMLMIMEMail5.html#09fd2c25ab2fd62376f0e73cb389f498" title="HTMLMIMEMail5::addTextPart" alt="" coords="236,309,433,336">
