<area shape="rect" href="$classLBoxComponent.html#6281fec2563751a4ff9fb0d95fdb4606" title="LBoxComponent::executePrepend" alt="" coords="244,5,463,32">
<area shape="rect" href="$classLBoxComponent.html#3fd958ea61234abbc08b264c4d6ebead" title="LBoxComponent::executeStart" alt="" coords="253,56,453,82">
<area shape="rect" href="$classLBoxComponent.html#0544d9fea4157b1b1661dace6cd065a5" title="LBoxComponent::getTAL" alt="" coords="271,106,436,133">
<area shape="rect" href="$classLBoxComponent.html#b6d06a567cfc57ec6d5e3389763ac03f" title="LBoxComponent::getTemplateFileName" alt="" coords="512,132,763,158">
<area shape="rect" href="$classLBoxComponent.html#13913b02a7a4f9820d4a55537e77de2c" title="LBoxComponent::isDebugOn" alt="" coords="543,208,732,234">
<area shape="rect" href="$classLBoxComponent.html#eab4df7ff31b1261351df1715475e76a" title="LBoxComponent::parseOut" alt="" coords="264,258,443,285">
<area shape="rect" href="$classLBoxConfigSystem.html#ec8ddab32ac3c7122e3cfcb33864e716" title="LBoxConfigSystem::getInstance" alt="" coords="811,233,1019,260">
<area shape="rect" href="$classLBoxComponent.html#a06466cf8c916777574583eeb27d1192" title="LBoxComponent::removeComents" alt="" coords="528,309,747,336">
