<area shape="rect" href="$classComponentList.html#dd08ba8c5f68dafd116013c34a29b105" title="ComponentList::getPagingRecords" alt="" coords="265,112,487,139">
<area shape="rect" href="$classComponentList.html#d834c4699eeefb380b8286b363a51c43" title="ComponentList::getRecords" alt="" coords="285,61,467,88">
<area shape="rect" href="$classLBoxComponent.html#6e6520eacf5cf1729207a9e9755336ea" title="LBoxComponent::reloadPagingFirstPage" alt="" coords="1096,264,1352,291">
<area shape="rect" href="$classLBoxComponent.html#437298dfd2a7f81539e57f2703bb68d2" title="LBoxComponent::getPaging" alt="" coords="540,163,724,189">
<area shape="rect" href="$classLBoxComponent.html#5a13859bcfc9cba9e82f462a315cfaa8" title="LBoxComponent::getPagingCurrent" alt="" coords="1112,112,1336,139">
<area shape="rect" href="$classComponentList.html#6c5e4eef577860d7b612fd64d6c45d21" title="ComponentList::getPagingBy" alt="" coords="537,61,727,88">
<area shape="rect" href="$classLBoxComponent.html#bfc16f1551134f939adf5434f9372451" title="LBoxComponent::getPageURLByIndex" alt="" coords="789,213,1035,240">
<area shape="rect" href="$classLBoxConfigSystem.html#ec8ddab32ac3c7122e3cfcb33864e716" title="LBoxConfigSystem::getInstance" alt="" coords="1415,163,1623,189">
<area shape="rect" href="$classLBoxComponent.html#e6b529f9eee468eae75ebf8f3d554f23" title="LBoxComponent::getUrlParamsArray" alt="" coords="1401,213,1636,240">
<area shape="rect" href="$classLBoxFront.html#8e15c1d15ac03f8e18c570de0e41e71d" title="LBoxFront::getUrlParamsArray" alt="" coords="1685,213,1885,240">
<area shape="rect" href="$classLBoxConfigManagerProperties.html#d7e2ed30839cbda48896fbb1eb3053e6" title="LBoxConfigManagerProperties::getInstance" alt="" coords="776,61,1048,88">
<area shape="rect" href="$classLBoxComponent.html#caf00baf6bc5305d7f6fe7ab031807c0" title="LBoxComponent::reload" alt="" coords="1439,264,1599,291">
<area shape="rect" href="$classLBoxFront.html#10351c03d3737e598355d5c775bd3953" title="LBoxFront::reload" alt="" coords="1724,264,1847,291">
