<area shape="rect" href="$classLBoxComponent.html#b657e814908e8e44112228ed6cbe5bbe" title="LBoxComponent::getContent" alt="" coords="259,157,445,184">
<area shape="rect" href="$classLBoxConfigManagerProperties.html#d7e2ed30839cbda48896fbb1eb3053e6" title="LBoxConfigManagerProperties::getInstance" alt="" coords="216,208,488,234">
<area shape="rect" href="$classLBoxConfigManagerStructure.html#ee74b3e4b1511dc4fe76d8aa96c062cd" title="LBoxConfigManagerStructure::getInstance" alt="" coords="220,258,484,285">
<area shape="rect" href="$classLBoxXT.html#2f22e7203932b0ac311291fd8a410d92" title="LBoxXT::isLogged" alt="" coords="291,309,413,336">
<area shape="rect" href="$classXTTray.html#2efc5dd9fbb8ea3fe25e6445b5b582db" title="XTTray::isToLogout" alt="" coords="287,360,417,386">
<area shape="rect" href="$classXTTray.html#8766e10c3d662e6d8012230c997c4f49" title="XTTray::logout" alt="" coords="300,410,404,437">
<area shape="rect" href="$classLBoxComponent.html#6281fec2563751a4ff9fb0d95fdb4606" title="LBoxComponent::executePrepend" alt="" coords="545,5,764,32">
<area shape="rect" href="$classLBoxComponent.html#3fd958ea61234abbc08b264c4d6ebead" title="LBoxComponent::executeStart" alt="" coords="555,56,755,82">
<area shape="rect" href="$classLBoxComponent.html#0544d9fea4157b1b1661dace6cd065a5" title="LBoxComponent::getTAL" alt="" coords="572,106,737,133">
<area shape="rect" href="$classLBoxComponent.html#b6d06a567cfc57ec6d5e3389763ac03f" title="LBoxComponent::getTemplateFileName" alt="" coords="821,132,1072,158">
<area shape="rect" href="$classLBoxComponent.html#13913b02a7a4f9820d4a55537e77de2c" title="LBoxComponent::isDebugOn" alt="" coords="852,208,1041,234">
<area shape="rect" href="$classLBoxComponent.html#eab4df7ff31b1261351df1715475e76a" title="LBoxComponent::parseOut" alt="" coords="565,258,744,285">
<area shape="rect" href="$classLBoxConfigSystem.html#ec8ddab32ac3c7122e3cfcb33864e716" title="LBoxConfigSystem::getInstance" alt="" coords="1120,233,1328,260">
<area shape="rect" href="$classLBoxComponent.html#a06466cf8c916777574583eeb27d1192" title="LBoxComponent::removeComents" alt="" coords="837,309,1056,336">
<area shape="rect" href="$classLBoxComponent.html#e6b529f9eee468eae75ebf8f3d554f23" title="LBoxComponent::getUrlParamsArray" alt="" coords="537,360,772,386">
<area shape="rect" href="$classLBoxFront.html#8e15c1d15ac03f8e18c570de0e41e71d" title="LBoxFront::getUrlParamsArray" alt="" coords="847,360,1047,386">
<area shape="rect" href="$classLBoxXT.html#456f13a62984e8d54af9e4f70988aa3d" title="LBoxXT::logout" alt="" coords="601,410,708,437">
<area shape="rect" href="$classLBoxComponent.html#caf00baf6bc5305d7f6fe7ab031807c0" title="LBoxComponent::reload" alt="" coords="575,461,735,488">
<area shape="rect" href="$classLBoxFront.html#10351c03d3737e598355d5c775bd3953" title="LBoxFront::reload" alt="" coords="885,461,1008,488">
