<area shape="rect" href="$classLoginForm.html#97b3f3879da99ab5dc40f8d1af7aace0" title="LoginForm::getFormArray" alt="" coords="241,6,409,32">
<area shape="rect" href="$classLBoxComponent.html#0654e1603e330f4453be9a85d5252d53" title="LBoxComponent::getFormGroupName" alt="" coords="508,6,751,32">
<area shape="rect" href="$classLoginForm.html#4ad2eb0452012223bfc414febbd9b3f6" title="LoginForm::isLogginSuccesfull" alt="" coords="227,107,424,134">
<area shape="rect" href="$classLoginForm.html#aba0ef9b7cfb62bfb0c37918584153c6" title="LoginForm::isSpamDefenseJSNeeded" alt="" coords="205,208,445,235">
<area shape="rect" href="$classLBoxXT.html#381e51806d6049a5b92e20c278ecb343" title="LBoxXT::login" alt="" coords="580,56,679,83">
<area shape="rect" href="$classLBoxComponent.html#caf00baf6bc5305d7f6fe7ab031807c0" title="LBoxComponent::reload" alt="" coords="549,107,709,134">
<area shape="rect" href="$classLBoxFront.html#10351c03d3737e598355d5c775bd3953" title="LBoxFront::reload" alt="" coords="863,56,985,83">
<area shape="rect" href="$classLBoxComponent.html#b657e814908e8e44112228ed6cbe5bbe" title="LBoxComponent::getContent" alt="" coords="536,208,723,235">
<area shape="rect" href="$classLBoxConfigManagerProperties.html#d7e2ed30839cbda48896fbb1eb3053e6" title="LBoxConfigManagerProperties::getInstance" alt="" coords="493,259,765,286">
<area shape="rect" href="$classLBoxComponent.html#6281fec2563751a4ff9fb0d95fdb4606" title="LBoxComponent::executePrepend" alt="" coords="815,107,1033,134">
<area shape="rect" href="$classLBoxComponent.html#3fd958ea61234abbc08b264c4d6ebead" title="LBoxComponent::executeStart" alt="" coords="824,158,1024,184">
<area shape="rect" href="$classLBoxComponent.html#0544d9fea4157b1b1661dace6cd065a5" title="LBoxComponent::getTAL" alt="" coords="841,208,1007,235">
<area shape="rect" href="$classLBoxComponent.html#b6d06a567cfc57ec6d5e3389763ac03f" title="LBoxComponent::getTemplateFileName" alt="" coords="1083,234,1333,260">
<area shape="rect" href="$classLBoxComponent.html#13913b02a7a4f9820d4a55537e77de2c" title="LBoxComponent::isDebugOn" alt="" coords="1113,310,1303,336">
<area shape="rect" href="$classLBoxComponent.html#eab4df7ff31b1261351df1715475e76a" title="LBoxComponent::parseOut" alt="" coords="835,360,1013,387">
<area shape="rect" href="$classLBoxConfigSystem.html#ec8ddab32ac3c7122e3cfcb33864e716" title="LBoxConfigSystem::getInstance" alt="" coords="1381,335,1589,362">
<area shape="rect" href="$classLBoxComponent.html#a06466cf8c916777574583eeb27d1192" title="LBoxComponent::removeComents" alt="" coords="1099,411,1317,438">
