<area shape="rect" href="$classBreadcrumb.html" title="Breadcrumb" alt="" coords="204,6,295,32">
<area shape="rect" href="$classCarouselTopModels.html" title="CarouselTopModels" alt="" coords="183,56,316,83">
<area shape="rect" href="$classComponentDefault.html" title="ComponentDefault" alt="" coords="185,107,313,134">
<area shape="rect" href="$classComponentList.html" title="ComponentList" alt="" coords="196,158,303,184">
<area shape="rect" href="$classComponentTest.html" title="ComponentTest" alt="" coords="193,208,305,235">
<area shape="rect" href="$classContactForm.html" title="ContactForm" alt="" coords="201,259,297,286">
<area shape="rect" href="$classCounterAcces.html" title="CounterAcces" alt="" coords="197,310,301,336">
<area shape="rect" href="$classLBoxComponentLayout.html" title="LBoxComponentLayout" alt="" coords="172,360,327,387">
<area shape="rect" href="$classLBoxPage.html" title="LBoxPage" alt="" coords="209,411,289,438">
<area shape="rect" href="$classLoginForm.html" title="LoginForm" alt="" coords="208,462,291,488">
<area shape="rect" href="$classLoginFormEmail.html" title="LoginFormEmail" alt="" coords="192,512,307,539">
<area shape="rect" href="$classMenuMain.html" title="MenuMain" alt="" coords="209,563,289,590">
<area shape="rect" href="$classMenuSub.html" title="MenuSub" alt="" coords="212,614,287,640">
<area shape="rect" href="$classSitemap.html" title="Sitemap" alt="" coords="215,664,284,691">
<area shape="rect" href="$classXTTray.html" title="XTTray" alt="" coords="220,715,279,742">
<area shape="rect" href="$classLayoutDefault.html" title="LayoutDefault" alt="" coords="384,335,483,362">
<area shape="rect" href="$classAdmin.html" title="Admin" alt="" coords="404,386,463,412">
<area shape="rect" href="$classPageMaybelline.html" title="PageMaybelline" alt="" coords="377,436,489,463">
<area shape="rect" href="$classPageSitemap09.html" title="PageSitemap09" alt="" coords="377,487,489,514">
<area shape="rect" href="$classPageDefault.html" title="PageDefault" alt="" coords="540,436,631,463">
<area shape="rect" href="$classAdminLogin.html" title="AdminLogin" alt="" coords="719,259,807,286">
<area shape="rect" href="$classAdminModel.html" title="AdminModel" alt="" coords="716,310,809,336">
<area shape="rect" href="$classListModels.html" title="ListModels" alt="" coords="721,360,804,387">
<area shape="rect" href="$classListSchools.html" title="ListSchools" alt="" coords="719,411,807,438">
<area shape="rect" href="$classPageDev.html" title="PageDev" alt="" coords="727,462,799,488">
<area shape="rect" href="$classPageRegistration.html" title="PageRegistration" alt="" coords="703,512,823,539">
<area shape="rect" href="$classPageRegistrationConfirm.html" title="PageRegistrationConfirm" alt="" coords="681,563,844,590">
<area shape="rect" href="$classPageTitle.html" title="PageTitle" alt="" coords="725,614,800,640">
<area shape="rect" href="$classListWinners.html" title="ListWinners" alt="" coords="893,411,984,438">
