<area shape="rect" href="$classPhotosRecord.html#f6aa17d3b0264b1cd2b020ae4790192d" title="PhotosRecord::getCreateDuplicate" alt="" coords="261,132,483,158">
<area shape="rect" href="$classPhotosRecord.html#a1078a00b3ded3c96c98d12ede14f8ef" title="PhotosRecord::__get" alt="" coords="579,56,723,82">
<area shape="rect" href="$classPhotosRecord.html#2040619f80f6bc9c2c57af85965bda2a" title="PhotosRecord::getImgResource" alt="" coords="1067,81,1272,108">
<area shape="rect" href="$classPhotosRecord.html#0f80fc2cc69a16551a98cd44d361045c" title="PhotosRecord::getDirName" alt="" coords="1549,157,1728,184">
<area shape="rect" href="$classPhotosRecord.html#70f7d9e12b10b3c5c2e5588eb453ff37" title="PhotosRecord::getFreeFileNameFrom" alt="" coords="531,233,771,260">
<area shape="rect" href="$classPhotosRecord.html#3e23de5b743e5c69d3df956cb5beae07" title="PhotosRecord::getImgX" alt="" coords="840,5,997,32">
<area shape="rect" href="$classPhotosRecord.html#84d7c355ba8533076828e7be8bd13dc7" title="PhotosRecord::getImgY" alt="" coords="839,56,999,82">
<area shape="rect" href="$classPhotosRecord.html#d7e1a530eb8c0465cda282ec0ab3ded1" title="PhotosRecord::getFilePath" alt="" coords="1321,106,1497,133">
<area shape="rect" href="$classPhotosRecord.html#69d4b2347b57226cfc9dfdf6144f7f7c" title="PhotosRecord::getFileName" alt="" coords="1547,106,1731,133">
<area shape="rect" href="$classPhotosRecord.html#0b7a508bd2f556a9c55d98749e8b0d4f" title="PhotosRecord::createDirByPath" alt="" coords="1812,106,2017,133">
<area shape="rect" href="$classLBoxConfigManagerProperties.html#d7e2ed30839cbda48896fbb1eb3053e6" title="LBoxConfigManagerProperties::getInstance" alt="" coords="1779,157,2051,184">
<area shape="rect" href="$classPhotosRecord.html#f79c40c05adda93db3756f002ed1a536" title="PhotosRecord::getModel" alt="" coords="1833,208,1996,234">
<area shape="rect" href="$classPhotosRecord.html#7da3fda22a1c2360e5a7ba60436a01fc" title="PhotosRecord::getFileExt" alt="" coords="833,258,1004,285">
<area shape="rect" href="$classPhotosRecord.html#7e052083be7e82e0b9cd71aa25f7b9ee" title="PhotosRecord::removeDiacritic" alt="" coords="819,309,1019,336">
