<area shape="rect" href="$classListModels.html#45c429696615ae2c3eab8a088d8b22e2" title="ListModels::getListPaging" alt="" coords="264,171,435,197">
<area shape="rect" href="$classListModels.html#915ff20b0aeec6bd6da2fee9b1fcf337" title="ListModels::getModels" alt="" coords="273,81,425,108">
<area shape="rect" href="$classLBoxComponent.html#5a13859bcfc9cba9e82f462a315cfaa8" title="LBoxComponent::getPagingCurrent" alt="" coords="237,221,461,248">
<area shape="rect" href="$classLBoxComponent.html#6e6520eacf5cf1729207a9e9755336ea" title="LBoxComponent::reloadPagingFirstPage" alt="" coords="221,297,477,324">
<area shape="rect" href="$classLBoxConfigSystem.html#ec8ddab32ac3c7122e3cfcb33864e716" title="LBoxConfigSystem::getInstance" alt="" coords="557,259,765,285">
<area shape="rect" href="$classLBoxConfigManagerProperties.html#d7e2ed30839cbda48896fbb1eb3053e6" title="LBoxConfigManagerProperties::getInstance" alt="" coords="525,157,797,184">
<area shape="rect" href="$classListModels.html#5b2b9c273a88064f171595a1abec43c5" title="ListModels::getURLParamCity" alt="" coords="564,107,759,133">
<area shape="rect" href="$classListModels.html#08bfb883df7e063eb21404a9230ff11f" title="ListModels::getURLParamRegion" alt="" coords="555,5,768,32">
<area shape="rect" href="$classListModels.html#886540e596e0e3af0fad9466b4b03eef" title="ListModels::getURLParamSchool" alt="" coords="555,56,768,83">
<area shape="rect" href="$classLBoxComponent.html#e6b529f9eee468eae75ebf8f3d554f23" title="LBoxComponent::getUrlParamsArray" alt="" coords="847,107,1081,133">
<area shape="rect" href="$classLBoxFront.html#8e15c1d15ac03f8e18c570de0e41e71d" title="LBoxFront::getUrlParamsArray" alt="" coords="1131,107,1331,133">
<area shape="rect" href="$classLBoxComponent.html#caf00baf6bc5305d7f6fe7ab031807c0" title="LBoxComponent::reload" alt="" coords="581,360,741,387">
<area shape="rect" href="$classLBoxFront.html#10351c03d3737e598355d5c775bd3953" title="LBoxFront::reload" alt="" coords="903,360,1025,387">
