<area shape="rect" href="$classPhotosRecord.html#2040619f80f6bc9c2c57af85965bda2a" title="PhotosRecord::getImgResource" alt="" coords="213,82,419,108">
<area shape="rect" href="$classPhotosRecord.html#d7e1a530eb8c0465cda282ec0ab3ded1" title="PhotosRecord::getFilePath" alt="" coords="468,82,644,108">
<area shape="rect" href="$classPhotosRecord.html#0f80fc2cc69a16551a98cd44d361045c" title="PhotosRecord::getDirName" alt="" coords="696,56,875,83">
<area shape="rect" href="$classPhotosRecord.html#69d4b2347b57226cfc9dfdf6144f7f7c" title="PhotosRecord::getFileName" alt="" coords="693,107,877,134">
<area shape="rect" href="$classPhotosRecord.html#0b7a508bd2f556a9c55d98749e8b0d4f" title="PhotosRecord::createDirByPath" alt="" coords="959,6,1164,32">
<area shape="rect" href="$classLBoxConfigManagerProperties.html#d7e2ed30839cbda48896fbb1eb3053e6" title="LBoxConfigManagerProperties::getInstance" alt="" coords="925,56,1197,83">
<area shape="rect" href="$classPhotosRecord.html#f79c40c05adda93db3756f002ed1a536" title="PhotosRecord::getModel" alt="" coords="980,107,1143,134">
