<area shape="rect" href="$classLBoxForm.html#1a99674145cdb773c630341d4d97b1fa" title="LBoxForm::getName" alt="" coords="899,120,1040,147">
<area shape="rect" href="$classLBoxForm.html#f0e757d39f0df8bed102f93820e9d79b" title="LBoxForm::getSpamDefenseControl" alt="" coords="189,95,419,121">
<area shape="rect" href="$classLBoxForm.html#2e2e79ac38c791944e93e8f5daef3c1c" title="LBoxForm::isAntiSpamSet" alt="" coords="216,145,392,172">
<area shape="rect" href="$classLBoxFront.html#10351c03d3737e598355d5c775bd3953" title="LBoxFront::reload" alt="" coords="243,196,365,223">
<area shape="rect" href="$classLBoxForm.html#d2d65d4da1048a9a0907c3f2a896109a" title="LBoxForm::wasSent" alt="" coords="235,247,373,273">
<area shape="rect" href="$classLBoxForm.html#011743587c176c995df6e413956a20df" title="LBoxForm::getSentData" alt="" coords="468,221,628,248">
<area shape="rect" href="$classLBoxFront.html#c82e8347a138389c95e81eaf26cf252e" title="LBoxFront::getDataGet" alt="" coords="681,171,836,197">
<area shape="rect" href="$classLBoxFront.html#a5ab0242d7dd47143829e2cf57a865f6" title="LBoxFront::getDataPost" alt="" coords="679,221,839,248">
<area shape="rect" href="$classLBoxForm.html#93b2e836b6f4dec182dd68a70f50efd0" title="LBoxForm::getFilesData" alt="" coords="677,272,840,299">
<area shape="rect" href="$classLBoxFront.html#ee3b5e8af9b4946a46123e91c4a47eb5" title="LBoxFront::getDataFiles" alt="" coords="888,272,1051,299">
