<area shape="rect" href="$classOutputFilterPageListModels.html#8158971e2d39045e6a44b5c0111f84bf" title="OutputFilterPageListModels::getHeading" alt="" coords="568,132,824,159">
<area shape="rect" href="$classOutputFilterPageListModels.html#e6e889e0e045dbdafa6427df6837a15c" title="OutputFilterPageListModels::getTitle" alt="" coords="288,158,520,184">
<area shape="rect" href="$classOutputFilterPageListModels.html#5f381515846539728ef4119884cbd5aa" title="OutputFilterPageListModels::getFilterCity" alt="" coords="893,6,1152,32">
<area shape="rect" href="$classOutputFilterPageListModels.html#487f2fddf2135cabdfa363b57b3fd66c" title="OutputFilterPageListModels::getFilterRegion" alt="" coords="884,56,1161,83">
<area shape="rect" href="$classOutputFilterPageListModels.html#3016b69802b2b9f6c80129bb0dca1196" title="OutputFilterPageListModels::getFilterSchool" alt="" coords="884,107,1161,134">
<area shape="rect" href="$classOutputFilterPageListModels.html#9dee1b5a019753a3761ba16a3ab89685" title="OutputFilterPageListModels::isFilteredByCity" alt="" coords="881,158,1164,184">
<area shape="rect" href="$classOutputFilterPageListModels.html#ab7ff215a8ef90d9ddd79b7337508afb" title="OutputFilterPageListModels::isFilteredByRegion" alt="" coords="873,208,1172,235">
<area shape="rect" href="$classOutputFilterPageListModels.html#00e63e87f5671c1ddc9174c3e8cc40bd" title="OutputFilterPageListModels::isFilteredBySchool" alt="" coords="873,259,1172,286">
<area shape="rect" href="$classLBoxFront.html#5d1ef6d0cd37dbd3be11bbefd9aebc1a" title="LBoxFront::getPage" alt="" coords="1223,132,1359,159">
