<area shape="rect" href="$classOutputFilterArticle.html" title="OutputFilterArticle" alt="" coords="211,56,336,83">
<area shape="rect" href="$classOutputFilterComponent.html" title="OutputFilterComponent" alt="" coords="196,183,351,210">
<area shape="rect" href="$classOutputFilterDownload.html" title="OutputFilterDownload" alt="" coords="201,360,345,387">
<area shape="rect" href="$classOutputFilterPage.html" title="OutputFilterPage" alt="" coords="213,411,333,438">
<area shape="rect" href="$classOutputFilterParty.html" title="OutputFilterParty" alt="" coords="213,462,333,488">
<area shape="rect" href="$classOutputFilterPhoto.html" title="OutputFilterPhoto" alt="" coords="212,512,335,539">
<area shape="rect" href="$classOutputFilterPhotoGallery.html" title="OutputFilterPhotoGallery" alt="" coords="192,563,355,590">
<area shape="rect" href="$classOutputFilterPhotoGalleryImage.html" title="OutputFilterPhotoGalleryImage" alt="" coords="173,614,373,640">
<area shape="rect" href="$classOutputFilterSchool.html" title="OutputFilterSchool" alt="" coords="209,664,337,691">
<area shape="rect" href="$classOutputFilterUserAdminXTRoles.html" title="OutputFilterUserAdminXTRoles" alt="" coords="173,715,373,742">
<area shape="rect" href="$classOutputFilterArticleNews.html" title="OutputFilterArticleNews" alt="" coords="453,6,611,32">
<area shape="rect" href="$classOutputFilterArticleRSS.html" title="OutputFilterArticleRSS" alt="" coords="456,56,608,83">
<area shape="rect" href="$classOutputFilterArticleNewsRSS.html" title="OutputFilterArticleNewsRSS" alt="" coords="703,56,887,83">
<area shape="rect" href="$classOutputFilterContactForm.html" title="OutputFilterContactForm" alt="" coords="451,107,613,134">
<area shape="rect" href="$classOutputFilterDiscussion.html" title="OutputFilterDiscussion" alt="" coords="456,158,608,184">
<area shape="rect" href="$classOutputFilterDiscussionComponent.html" title="OutputFilterDiscussionComponent" alt="" coords="423,208,641,235">
<area shape="rect" href="$classOutputFilterDiscussionPostRSS.html" title="OutputFilterDiscussionPostRSS" alt="" coords="691,158,899,184">
<area shape="rect" href="$classOutputFilterArticleNewsStatic.html" title="OutputFilterArticleNewsStatic" alt="" coords="436,259,628,286">
<area shape="rect" href="$classOutputFilterPageArticle.html" title="OutputFilterPageArticle" alt="" coords="455,310,609,336">
<area shape="rect" href="$classOutputFilterPageDownload.html" title="OutputFilterPageDownload" alt="" coords="444,360,620,387">
<area shape="rect" href="$classOutputFilterPageListModels.html" title="OutputFilterPageListModels" alt="" coords="441,411,623,438">
<area shape="rect" href="$classOutputFilterPageParty.html" title="OutputFilterPageParty" alt="" coords="457,462,607,488">
<area shape="rect" href="$classOutputFilterPagePartylist.html" title="OutputFilterPagePartylist" alt="" coords="448,512,616,539">
<area shape="rect" href="$classOutputFilterPagePhotogalleries.html" title="OutputFilterPagePhotogalleries" alt="" coords="432,563,632,590">
<area shape="rect" href="$classOutputFilterPagePhotoGallery.html" title="OutputFilterPagePhotoGallery" alt="" coords="435,614,629,640">
<area shape="rect" href="$classOutputFilterPageRSS.html" title="OutputFilterPageRSS" alt="" coords="459,664,605,691">
