<area shape="rect" href="$classHTMLMIMEMail5.html#b0596dd660d3a2447ebbf3ee89821ed9" title="HTMLMIMEMail5::build" alt="" coords="240,157,395,184">
<area shape="rect" href="$classHTMLMIMEMail5.html#7672df9c1bf8ef0d27ffb19a2874c4cc" title="HTMLMIMEMail5::encodeHeader" alt="" coords="212,208,423,234">
<area shape="rect" href="$classHTMLMIMEMail5.html#ec36e1ff0c4c0f8389212a8feed179b6" title="HTMLMIMEMail5::setCRLF" alt="" coords="228,258,407,285">
<area shape="rect" href="$classHTMLMIMEMail5.html#10e4d5d376d76c4f8cd99aaf7d2c38ee" title="HTMLMIMEMail5::addAlternativePart" alt="" coords="480,5,712,32">
<area shape="rect" href="$classHTMLMIMEMail5.html#ff2bea3c342282f4700af05802f8ba29" title="HTMLMIMEMail5::addAttachmentParts" alt="" coords="472,56,720,82">
<area shape="rect" href="$classHTMLMIMEMail5.html#1d113d0bc228d8ce9dad2a6e0b568b21" title="HTMLMIMEMail5::addHtmlImageParts" alt="" coords="475,106,717,133">
<area shape="rect" href="$classHTMLMIMEMail5.html#88f74ce156fc1db80e76c80cc98b89d3" title="HTMLMIMEMail5::addHtmlPart" alt="" coords="496,157,696,184">
<area shape="rect" href="$classHTMLMIMEMail5.html#688bf543fa46878db40d06974f58f23b" title="HTMLMIMEMail5::addMixedPart" alt="" coords="492,208,700,234">
<area shape="rect" href="$classHTMLMIMEMail5.html#e2e5939a5522781fbc19ad3b93ed0448" title="HTMLMIMEMail5::addRelatedPart" alt="" coords="488,258,704,285">
<area shape="rect" href="$classHTMLMIMEMail5.html#09fd2c25ab2fd62376f0e73cb389f498" title="HTMLMIMEMail5::addTextPart" alt="" coords="497,309,695,336">
