<area shape="rect" href="$classLBoxFormValidatorCityExists.html" title="LBoxFormValidatorCityExists" alt="" coords="228,5,420,32">
<area shape="rect" href="$classLBoxFormValidatorEmail.html" title="LBoxFormValidatorEmail" alt="" coords="243,56,405,82">
<area shape="rect" href="$classLBoxFormValidatorFileImage.html" title="LBoxFormValidatorFileImage" alt="" coords="231,106,417,133">
<area shape="rect" href="$classLBoxFormValidatorLoginEmail.html" title="LBoxFormValidatorLoginEmail" alt="" coords="227,157,421,184">
<area shape="rect" href="$classLBoxFormValidatorModelEmailUnique.html" title="LBoxFormValidatorModelEmailUnique" alt="" coords="204,208,444,234">
<area shape="rect" href="$classLBoxFormValidatorPasswords.html" title="LBoxFormValidatorPasswords" alt="" coords="227,258,421,285">
<area shape="rect" href="$classLBoxFormValidatorPhone.html" title="LBoxFormValidatorPhone" alt="" coords="240,309,408,336">
<area shape="rect" href="$classLBoxFormValidatorRegistrationEmailUnique.html" title="LBoxFormValidatorRegistrationEmailUnique" alt="" coords="188,360,460,386">
<area shape="rect" href="$classLBoxFormValidatorRequired.html" title="LBoxFormValidatorRequired" alt="" coords="233,410,415,437">
<area shape="rect" href="$classLBoxFormValidatorSchoolExists.html" title="LBoxFormValidatorSchoolExists" alt="" coords="220,461,428,488">
