<area shape="rect" href="$classLBoxComponent.html#b657e814908e8e44112228ed6cbe5bbe" title="LBoxComponent::getContent" alt="" coords="336,132,523,158">
<area shape="rect" href="$classLBoxConfigManagerProperties.html#d7e2ed30839cbda48896fbb1eb3053e6" title="LBoxConfigManagerProperties::getInstance" alt="" coords="293,182,565,209">
<area shape="rect" href="$classLBoxComponent.html#6281fec2563751a4ff9fb0d95fdb4606" title="LBoxComponent::executePrepend" alt="" coords="615,5,833,32">
<area shape="rect" href="$classLBoxComponent.html#3fd958ea61234abbc08b264c4d6ebead" title="LBoxComponent::executeStart" alt="" coords="624,56,824,82">
<area shape="rect" href="$classLBoxComponent.html#0544d9fea4157b1b1661dace6cd065a5" title="LBoxComponent::getTAL" alt="" coords="641,106,807,133">
<area shape="rect" href="$classLBoxComponent.html#b6d06a567cfc57ec6d5e3389763ac03f" title="LBoxComponent::getTemplateFileName" alt="" coords="883,132,1133,158">
<area shape="rect" href="$classLBoxComponent.html#13913b02a7a4f9820d4a55537e77de2c" title="LBoxComponent::isDebugOn" alt="" coords="913,208,1103,234">
<area shape="rect" href="$classLBoxComponent.html#eab4df7ff31b1261351df1715475e76a" title="LBoxComponent::parseOut" alt="" coords="635,258,813,285">
<area shape="rect" href="$classLBoxConfigSystem.html#ec8ddab32ac3c7122e3cfcb33864e716" title="LBoxConfigSystem::getInstance" alt="" coords="1181,233,1389,260">
<area shape="rect" href="$classLBoxComponent.html#a06466cf8c916777574583eeb27d1192" title="LBoxComponent::removeComents" alt="" coords="899,309,1117,336">
