<area shape="rect" href="$classOutputFilterArticleNewsStatic.html" title="OutputFilterArticleNewsStatic" alt="" coords="347,6,539,32">
<area shape="rect" href="$classOutputFilterPageArticle.html" title="OutputFilterPageArticle" alt="" coords="365,56,520,83">
<area shape="rect" href="$classOutputFilterPageDownload.html" title="OutputFilterPageDownload" alt="" coords="355,107,531,134">
<area shape="rect" href="$classOutputFilterPageListModels.html" title="OutputFilterPageListModels" alt="" coords="352,158,533,184">
<area shape="rect" href="$classOutputFilterPageParty.html" title="OutputFilterPageParty" alt="" coords="368,208,517,235">
<area shape="rect" href="$classOutputFilterPagePartylist.html" title="OutputFilterPagePartylist" alt="" coords="359,259,527,286">
<area shape="rect" href="$classOutputFilterPagePhotogalleries.html" title="OutputFilterPagePhotogalleries" alt="" coords="343,310,543,336">
<area shape="rect" href="$classOutputFilterPagePhotoGallery.html" title="OutputFilterPagePhotoGallery" alt="" coords="345,360,540,387">
<area shape="rect" href="$classOutputFilterPageRSS.html" title="OutputFilterPageRSS" alt="" coords="369,411,516,438">
<area shape="rect" href="$classLBoxOutputFilter.html" title="LBoxOutputFilter" alt="" coords="5,208,125,235">
