<area shape="rect" href="$classLBoxException.html" title="LBoxException" alt="" coords="5,259,115,286">
<area shape="rect" href="$classLBoxExceptionAPI.html" title="LBoxExceptionAPI" alt="" coords="188,6,319,32">
<area shape="rect" href="$classLBoxExceptionCache.html" title="LBoxExceptionCache" alt="" coords="180,56,327,83">
<area shape="rect" href="$classLBoxExceptionComponent.html" title="LBoxExceptionComponent" alt="" coords="165,107,341,134">
<area shape="rect" href="$classLBoxExceptionConfig.html" title="LBoxExceptionConfig" alt="" coords="181,158,325,184">
<area shape="rect" href="$classLBoxExceptionEnvironment.html" title="LBoxExceptionEnvironment" alt="" coords="164,208,343,235">
<area shape="rect" href="$classLBoxExceptionFilesystem.html" title="LBoxExceptionFilesystem" alt="" coords="167,259,340,286">
<area shape="rect" href="$classLBoxExceptionForm.html" title="LBoxExceptionForm" alt="" coords="184,310,323,336">
<area shape="rect" href="$classLBoxExceptionFront.html" title="LBoxExceptionFront" alt="" coords="184,360,323,387">
<area shape="rect" href="$classLBoxExceptionLoader.html" title="LBoxExceptionLoader" alt="" coords="180,411,327,438">
<area shape="rect" href="$classLBoxExceptionProperty.html" title="LBoxExceptionProperty" alt="" coords="175,462,332,488">
<area shape="rect" href="$classLBoxExceptionXT.html" title="LBoxExceptionXT" alt="" coords="192,512,315,539">
<area shape="rect" href="$classLBoxExceptionPage.html" title="LBoxExceptionPage" alt="" coords="429,56,568,83">
<area shape="rect" href="$classLBoxExceptionConfigComponent.html" title="LBoxExceptionConfigComponent" alt="" coords="393,107,604,134">
<area shape="rect" href="$classLBoxExceptionConfigStructure.html" title="LBoxExceptionConfigStructure" alt="" coords="400,158,597,184">
<area shape="rect" href="$classLBoxExceptionImage.html" title="LBoxExceptionImage" alt="" coords="427,208,571,235">
<area shape="rect" href="$classLBoxExceptionPackers.html" title="LBoxExceptionPackers" alt="" coords="420,259,577,286">
<area shape="rect" href="$classLBoxExceptionFormControl.html" title="LBoxExceptionFormControl" alt="" coords="409,310,588,336">
<area shape="rect" href="$classLBoxExceptionFormFilter.html" title="LBoxExceptionFormFilter" alt="" coords="415,360,583,387">
<area shape="rect" href="$classLBoxExceptionFormProcessor.html" title="LBoxExceptionFormProcessor" alt="" coords="400,411,597,438">
<area shape="rect" href="$classLBoxExceptionFormValidator.html" title="LBoxExceptionFormValidator" alt="" coords="404,462,593,488">
<area shape="rect" href="$classLBoxExceptionFormProcessorLogin.html" title="LBoxExceptionFormProcessorLogin" alt="" coords="673,360,903,387">
<area shape="rect" href="$classLBoxExceptionFormProcessorRegistration.html" title="LBoxExceptionFormProcessorRegistration" alt="" coords="655,411,921,438">
<area shape="rect" href="$classLBoxExceptionFormValidatorsLogin.html" title="LBoxExceptionFormValidatorsLogin" alt="" coords="675,462,901,488">
<area shape="rect" href="$classLBoxExceptionFormValidatorsMaybelline.html" title="LBoxExceptionFormValidatorsMaybelline" alt="" coords="659,512,917,539">
<area shape="rect" href="$classLBoxExceptionFormValidatorsRegistration.html" title="LBoxExceptionFormValidatorsRegistration" alt="" coords="656,563,920,590">
<area shape="rect" href="$classLBoxExceptionOutputFilter.html" title="LBoxExceptionOutputFilter" alt="" coords="411,512,587,539">
