<area shape="rect" href="$classLBoxFormControl.html" title="LBoxFormControl" alt="" coords="5,81,128,108">
<area shape="rect" href="$classLBoxFormControlBool.html" title="LBoxFormControlBool" alt="" coords="187,5,333,32">
<area shape="rect" href="$classLBoxFormControlChoose.html" title="LBoxFormControlChoose" alt="" coords="177,56,343,83">
<area shape="rect" href="$classLBoxFormControlFill.html" title="LBoxFormControlFill" alt="" coords="191,107,329,133">
<area shape="rect" href="$classLBoxFormControlMultiple.html" title="LBoxFormControlMultiple" alt="" coords="176,157,344,184">
<area shape="rect" href="$classLBoxFormControlChooseMore.html" title="LBoxFormControlChooseMore" alt="" coords="393,5,588,32">
<area shape="rect" href="$classLBoxFormControlChooseOne.html" title="LBoxFormControlChooseOne" alt="" coords="396,56,585,83">
<area shape="rect" href="$classLBoxFormControlFile.html" title="LBoxFormControlFile" alt="" coords="419,107,563,133">
<area shape="rect" href="$classLBoxFormControlFillHidden.html" title="LBoxFormControlFillHidden" alt="" coords="401,157,580,184">
<area shape="rect" href="$classLBoxFormControlPassword.html" title="LBoxFormControlPassword" alt="" coords="401,208,580,235">
<area shape="rect" href="$classLBoxFormControlSpamDefense.html" title="LBoxFormControlSpamDefense" alt="" coords="639,157,841,184">
